// Jest Snapshot v1, https://goo.gl/fbAQLP

exports[`<TagsInfo /> should match snapshot 1`] = `
<DocumentFragment>
  <section
    class="name"
  >
    <div
      class="makeStyles-header-7"
    >
      <h6
        class="MuiTypography-root makeStyles-label-8 MuiTypography-h6"
      >
        Tags
      </h6>
    </div>
    <div>
      <div
        class="makeStyles-container-9"
      >
        <p
          class="MuiTypography-root makeStyles-label-10 MuiTypography-body1"
        >
          Direct Buyer
        </p>
        <div
          class="makeStyles-actionElement-11"
        />
      </div>
      <div
        class="makeStyles-container-9"
      >
        <p
          class="MuiTypography-root makeStyles-label-10 MuiTypography-body1"
        >
          RHL
        </p>
        <div
          class="makeStyles-actionElement-11"
        />
      </div>
    </div>
  </section>
</DocumentFragment>
`;
