// Jest Snapshot v1, https://goo.gl/fbAQLP

exports[`<Task /> should match snapshot 1`] = `
<DocumentFragment>
  <form
    class="makeStyles-form-7"
  >
    <div
      class="makeStyles-field-9"
    >
      <div
        class="MuiFormControl-root MuiTextField-root"
      >
        <label
          class="MuiFormLabel-root MuiInputLabel-root MuiInputLabel-formControl MuiInputLabel-animated MuiInputLabel-shrink MuiInputLabel-filled MuiFormLabel-filled"
          data-shrink="true"
        >
          Name
        </label>
        <div
          class="MuiInputBase-root MuiFilledInput-root MuiFilledInput-underline MuiInputBase-formControl"
        >
          <input
            aria-invalid="false"
            class="MuiInputBase-input MuiFilledInput-input"
            name="name"
            type="text"
            value="Gabriel"
          />
        </div>
      </div>
    </div>
    <div
      class="makeStyles-infoField-12"
    >
      <p
        class="MuiTypography-root MuiTypography-body1"
      >
        some copy
      </p>
    </div>
    <button
      class="MuiButtonBase-root MuiButton-root MuiButton-contained makeStyles-submitButton-8 MuiButton-containedPrimary"
      tabindex="0"
      type="submit"
    >
      <span
        class="MuiButton-label"
      >
        Submit
      </span>
      <span
        class="MuiTouchRipple-root"
      />
    </button>
  </form>
</DocumentFragment>
`;
