// Jest Snapshot v1, https://goo.gl/fbAQLP

exports[`<AccountManagerInfo /> should match snapshot 1`] = `
<DocumentFragment>
  <section
    class="makeStyles-fontColor-10"
  >
    <div
      class="makeStyles-header-13"
    >
      <h6
        class="MuiTypography-root makeStyles-label-14 MuiTypography-h6"
      >
        Team
      </h6>
    </div>
    <div>
      <div
        class="makeStyles-managerInfoContainer-8"
      >
        <div
          class="MuiAvatar-root MuiAvatar-circle makeStyles-avatar-9 MuiAvatar-colorDefault"
        >
          D
        </div>
        <div>
          <p
            class="MuiTypography-root makeStyles-accountManagerName-11 MuiTypography-body1"
          >
            Duo Maxwell
          </p>
          <h6
            class="MuiTypography-root MuiTypography-h6"
          >
            Account Manager
          </h6>
          <h6
            class="MuiTypography-root MuiTypography-h6"
          >
            555-555-5555
          </h6>
        </div>
      </div>
      <button
        class="MuiButtonBase-root MuiButton-root MuiButton-outlined makeStyles-transferCallButton-12 MuiButton-fullWidth"
        tabindex="0"
        type="button"
      >
        <span
          class="MuiButton-label"
        >
          Transfer Call
        </span>
        <span
          class="MuiTouchRipple-root"
        />
      </button>
    </div>
  </section>
</DocumentFragment>
`;
