// Jest Snapshot v1, https://goo.gl/fbAQLP

exports[`<TalkTrackItem /> should match snapshot 1`] = `
<DocumentFragment>
  <div
    class="MuiPaper-root makeStyles-paper-7 MuiPaper-elevation0 MuiPaper-rounded"
  >
    <p
      class="MuiTypography-root makeStyles-title-8 MuiTypography-body1 MuiTypography-colorPrimary"
    >
      Intro
    </p>
    <p
      class="MuiTypography-root makeStyles-speech-9 MuiTypography-body2"
    >
      Some speech
    </p>
    <section
      class="makeStyles-buttons-12"
    >
      <button
        class="MuiButtonBase-root MuiButton-root MuiButton-text"
        tabindex="0"
        type="button"
      >
        <span
          class="MuiButton-label"
        >
          Skip
        </span>
        <span
          class="MuiTouchRipple-root"
        />
      </button>
      <button
        class="MuiButtonBase-root MuiButton-root MuiButton-text"
        tabindex="0"
        type="button"
      >
        <span
          class="MuiButton-label"
        >
          Continue
        </span>
        <span
          class="MuiTouchRipple-root"
        />
      </button>
    </section>
  </div>
</DocumentFragment>
`;
