// Jest Snapshot v1, https://goo.gl/fbAQLP

exports[`<App /> should match snapshot 1`] = `
<DocumentFragment>
  <div
    class="makeStyles-app-10"
  >
    <section
      class="makeStyles-container-17 makeStyles-panel-16"
    >
      <section
        class="makeStyles-container-17 makeStyles-panel-18 makeStyles-tray-11"
      >
        <button
          class="MuiButtonBase-root MuiButton-root MuiButton-contained makeStyles-button-14 MuiButton-containedSecondary"
          tabindex="0"
          type="button"
        >
          <span
            class="MuiButton-label"
          >
            Update state
          </span>
          <span
            class="MuiTouchRipple-root"
          />
        </button>
        <button
          class="MuiButtonBase-root MuiButton-root MuiButton-contained makeStyles-button-14"
          tabindex="0"
          type="button"
        >
          <span
            class="MuiButton-label"
          >
            Toggle automatic state
          </span>
          <span
            class="MuiTouchRipple-root"
          />
        </button>
        <p
          class="MuiTypography-root MuiTypography-body1"
        >
          Automatic state fetching is Off
        </p>
      </section>
      <section
        class="makeStyles-container-17 makeStyles-panel-18 makeStyles-tray-11"
      >
        <p
          class="MuiTypography-root MuiTypography-body1"
        >
          Tray 2
        </p>
        <iframe
          class="makeStyles-iframe-15"
          src="https://flex.twilio.com/admin/"
          title="Twilio Flex"
        />
      </section>
      <section
        class="makeStyles-container-17 makeStyles-panel-18 makeStyles-tray3-12"
      >
        <p
          class="MuiTypography-root MuiTypography-body1"
        >
          Tray 3
        </p>
      </section>
    </section>
  </div>
</DocumentFragment>
`;
