// Jest Snapshot v1, https://goo.gl/fbAQLP

exports[`<CallerInfo /> should match snapshot 1`] = `
<DocumentFragment>
  <div
    class="MuiBox-root MuiBox-root-15 makeStyles-container-11"
  >
    <p
      class="MuiTypography-root makeStyles-subtitle-13 MuiTypography-body2"
    >
      You are speaking with:
    </p>
    <h3
      class="MuiTypography-root makeStyles-title-12 MuiTypography-h3"
    >
      John Doe
    </h3>
    <hr
      class="MuiDivider-root makeStyles-divider-14"
    />
    <section>
      <h6
        class="MuiTypography-root MuiTypography-h6"
      />
      <section
        class="makeStyles-inProgressContainer-19"
      >
        <div
          class="MuiCircularProgress-root MuiCircularProgress-colorPrimary MuiCircularProgress-indeterminate"
          role="progressbar"
          style="width: 25px; height: 25px;"
        >
          <svg
            class="MuiCircularProgress-svg"
            viewBox="22 22 44 44"
          >
            <circle
              class="MuiCircularProgress-circle MuiCircularProgress-circleIndeterminate"
              cx="44"
              cy="44"
              fill="none"
              r="20.2"
              stroke-width="3.6"
            />
          </svg>
        </div>
        <p
          class="MuiTypography-root makeStyles-inProgressMessage-20 MuiTypography-body2"
        >
          Workflow in progress
        </p>
      </section>
    </section>
  </div>
</DocumentFragment>
`;
