// Jest Snapshot v1, https://goo.gl/fbAQLP

exports[`<TaskWorkflowInstantiator /> should match snapshot 1`] = `
<DocumentFragment>
  <div
    class="MuiButtonBase-root MuiChip-root MuiChip-clickable"
    role="button"
    tabindex="0"
  >
    <span
      class="MuiChip-label"
    >
      Buying
    </span>
    <span
      class="MuiTouchRipple-root"
    />
  </div>
</DocumentFragment>
`;
